../Src/HAL/LCD Driver/LCD_program.c:19:13:wait_ms	24	static
../Src/HAL/LCD Driver/LCD_program.c:31:13:LCD_Kick	8	static
../Src/HAL/LCD Driver/LCD_program.c:46:6:LCD_Init	16	static
../Src/HAL/LCD Driver/LCD_program.c:99:6:LCD_SendCommand	24	static
../Src/HAL/LCD Driver/LCD_program.c:152:6:LCD_SendChar	24	static
../Src/HAL/LCD Driver/LCD_program.c:203:6:LCD_SendString	24	static
../Src/HAL/LCD Driver/LCD_program.c:234:6:LCD_GoToXY	16	static
../Src/HAL/LCD Driver/LCD_program.c:262:6:LCD_SendNumber	24	static
../Src/HAL/LCD Driver/LCD_program.c:276:6:LCD_SendRealNumber	72	static
../Src/HAL/LCD Driver/LCD_program.c:302:6:LCD_ClearDisplay	8	static
../Src/HAL/LCD Driver/LCD_program.c:313:6:LCD_SinWaveDisplay	24	static
../Src/HAL/LCD Driver/LCD_program.c:336:6:LCD_WriteSpecialCharacter	24	static
