Archive member included to satisfy reference by file (symbol)

C:/ST/STM32CubeIDE_1.11.2/STM32CubeIDE/plugins/com.st.stm32cube.ide.mcu.externaltools.gnu-tools-for-stm32.11.3.rel1.win32_1.1.1.202309131626/tools/bin/../lib/gcc/arm-none-eabi/11.3.1/../../../../arm-none-eabi/lib/thumb/v7-m/nofp\libc_nano.a(libc_a-exit.o)
                              C:/ST/STM32CubeIDE_1.11.2/STM32CubeIDE/plugins/com.st.stm32cube.ide.mcu.externaltools.gnu-tools-for-stm32.11.3.rel1.win32_1.1.1.202309131626/tools/bin/../lib/gcc/arm-none-eabi/11.3.1/../../../../arm-none-eabi/lib/thumb/v7-m/nofp/crt0.o (exit)
C:/ST/STM32CubeIDE_1.11.2/STM32CubeIDE/plugins/com.st.stm32cube.ide.mcu.externaltools.gnu-tools-for-stm32.11.3.rel1.win32_1.1.1.202309131626/tools/bin/../lib/gcc/arm-none-eabi/11.3.1/../../../../arm-none-eabi/lib/thumb/v7-m/nofp\libc_nano.a(libc_a-findfp.o)
                              C:/ST/STM32CubeIDE_1.11.2/STM32CubeIDE/plugins/com.st.stm32cube.ide.mcu.externaltools.gnu-tools-for-stm32.11.3.rel1.win32_1.1.1.202309131626/tools/bin/../lib/gcc/arm-none-eabi/11.3.1/../../../../arm-none-eabi/lib/thumb/v7-m/nofp\libc_nano.a(libc_a-exit.o) (__stdio_exit_handler)
C:/ST/STM32CubeIDE_1.11.2/STM32CubeIDE/plugins/com.st.stm32cube.ide.mcu.externaltools.gnu-tools-for-stm32.11.3.rel1.win32_1.1.1.202309131626/tools/bin/../lib/gcc/arm-none-eabi/11.3.1/../../../../arm-none-eabi/lib/thumb/v7-m/nofp\libc_nano.a(libc_a-fwalk.o)
                              C:/ST/STM32CubeIDE_1.11.2/STM32CubeIDE/plugins/com.st.stm32cube.ide.mcu.externaltools.gnu-tools-for-stm32.11.3.rel1.win32_1.1.1.202309131626/tools/bin/../lib/gcc/arm-none-eabi/11.3.1/../../../../arm-none-eabi/lib/thumb/v7-m/nofp\libc_nano.a(libc_a-findfp.o) (_fwalk_sglue)
C:/ST/STM32CubeIDE_1.11.2/STM32CubeIDE/plugins/com.st.stm32cube.ide.mcu.externaltools.gnu-tools-for-stm32.11.3.rel1.win32_1.1.1.202309131626/tools/bin/../lib/gcc/arm-none-eabi/11.3.1/../../../../arm-none-eabi/lib/thumb/v7-m/nofp\libc_nano.a(libc_a-sprintf.o)
                              ./Src/HAL/LCD Driver/LCD_program.o (sprintf)
C:/ST/STM32CubeIDE_1.11.2/STM32CubeIDE/plugins/com.st.stm32cube.ide.mcu.externaltools.gnu-tools-for-stm32.11.3.rel1.win32_1.1.1.202309131626/tools/bin/../lib/gcc/arm-none-eabi/11.3.1/../../../../arm-none-eabi/lib/thumb/v7-m/nofp\libc_nano.a(libc_a-stdio.o)
                              C:/ST/STM32CubeIDE_1.11.2/STM32CubeIDE/plugins/com.st.stm32cube.ide.mcu.externaltools.gnu-tools-for-stm32.11.3.rel1.win32_1.1.1.202309131626/tools/bin/../lib/gcc/arm-none-eabi/11.3.1/../../../../arm-none-eabi/lib/thumb/v7-m/nofp\libc_nano.a(libc_a-findfp.o) (__sread)
C:/ST/STM32CubeIDE_1.11.2/STM32CubeIDE/plugins/com.st.stm32cube.ide.mcu.externaltools.gnu-tools-for-stm32.11.3.rel1.win32_1.1.1.202309131626/tools/bin/../lib/gcc/arm-none-eabi/11.3.1/../../../../arm-none-eabi/lib/thumb/v7-m/nofp\libc_nano.a(libc_a-memset.o)
                              C:/ST/STM32CubeIDE_1.11.2/STM32CubeIDE/plugins/com.st.stm32cube.ide.mcu.externaltools.gnu-tools-for-stm32.11.3.rel1.win32_1.1.1.202309131626/tools/bin/../lib/gcc/arm-none-eabi/11.3.1/../../../../arm-none-eabi/lib/thumb/v7-m/nofp/crt0.o (memset)
C:/ST/STM32CubeIDE_1.11.2/STM32CubeIDE/plugins/com.st.stm32cube.ide.mcu.externaltools.gnu-tools-for-stm32.11.3.rel1.win32_1.1.1.202309131626/tools/bin/../lib/gcc/arm-none-eabi/11.3.1/../../../../arm-none-eabi/lib/thumb/v7-m/nofp\libc_nano.a(libc_a-closer.o)
                              C:/ST/STM32CubeIDE_1.11.2/STM32CubeIDE/plugins/com.st.stm32cube.ide.mcu.externaltools.gnu-tools-for-stm32.11.3.rel1.win32_1.1.1.202309131626/tools/bin/../lib/gcc/arm-none-eabi/11.3.1/../../../../arm-none-eabi/lib/thumb/v7-m/nofp\libc_nano.a(libc_a-stdio.o) (_close_r)
C:/ST/STM32CubeIDE_1.11.2/STM32CubeIDE/plugins/com.st.stm32cube.ide.mcu.externaltools.gnu-tools-for-stm32.11.3.rel1.win32_1.1.1.202309131626/tools/bin/../lib/gcc/arm-none-eabi/11.3.1/../../../../arm-none-eabi/lib/thumb/v7-m/nofp\libc_nano.a(libc_a-reent.o)
                              C:/ST/STM32CubeIDE_1.11.2/STM32CubeIDE/plugins/com.st.stm32cube.ide.mcu.externaltools.gnu-tools-for-stm32.11.3.rel1.win32_1.1.1.202309131626/tools/bin/../lib/gcc/arm-none-eabi/11.3.1/../../../../arm-none-eabi/lib/thumb/v7-m/nofp\libc_nano.a(libc_a-closer.o) (errno)
C:/ST/STM32CubeIDE_1.11.2/STM32CubeIDE/plugins/com.st.stm32cube.ide.mcu.externaltools.gnu-tools-for-stm32.11.3.rel1.win32_1.1.1.202309131626/tools/bin/../lib/gcc/arm-none-eabi/11.3.1/../../../../arm-none-eabi/lib/thumb/v7-m/nofp\libc_nano.a(libc_a-impure.o)
                              C:/ST/STM32CubeIDE_1.11.2/STM32CubeIDE/plugins/com.st.stm32cube.ide.mcu.externaltools.gnu-tools-for-stm32.11.3.rel1.win32_1.1.1.202309131626/tools/bin/../lib/gcc/arm-none-eabi/11.3.1/../../../../arm-none-eabi/lib/thumb/v7-m/nofp\libc_nano.a(libc_a-sprintf.o) (_impure_ptr)
[...]
Memory Configuration

Name             Origin             Length             Attributes
RAM              0x0000000020000000 0x0000000000002800 xrw
FLASH            0x0000000008000000 0x0000000000008000 xr
*default*        0x0000000000000000 0xffffffffffffffff

Linker script and memory map

LOAD C:/ST/STM32CubeIDE_1.11.2/STM32CubeIDE/plugins/com.st.stm32cube.ide.mcu.externaltools.gnu-tools-for-stm32.11.3.rel1.win32_1.1.1.202309131626/tools/bin/../lib/gcc/arm-none-eabi/11.3.1/thumb/v7-m/nofp/crti.o
LOAD C:/ST/STM32CubeIDE_1.11.2/STM32CubeIDE/plugins/com.st.stm32cube.ide.mcu.externaltools.gnu-tools-for-stm32.11.3.rel1.win32_1.1.1.202309131626/tools/bin/../lib/gcc/arm-none-eabi/11.3.1/thumb/v7-m/nofp/crtbegin.o
LOAD C:/ST/STM32CubeIDE_1.11.2/STM32CubeIDE/plugins/com.st.stm32cube.ide.mcu.externaltools.gnu-tools-for-stm32.11.3.rel1.win32_1.1.1.202309131626/tools/bin/../lib/gcc/arm-none-eabi/11.3.1/../../../../arm-none-eabi/lib/thumb/v7-m/nofp/crt0.o
LOAD ./Src/HAL/Keypad Driver/Keypad_program.o
LOAD ./Src/HAL/LCD Driver/LCD_program.o
LOAD ./Src/MCAL/EXTI Driver/EXTI_program.o
LOAD ./Src/MCAL/GPIO Driver/GPIO_program.o
LOAD ./Src/MCAL/RCC Driver/RCC_program.o
LOAD ./Src/MCAL/USART Driver/USART_program.o
LOAD ./Src/main.o
LOAD ./Src/syscalls.o
LOAD ./Src/sysmem.o
LOAD ./Startup/startup_stm32f103c6tx.o
START GROUP
LOAD C:/ST/STM32CubeIDE_1.11.2/STM32CubeIDE/plugins/com.st.stm32cube.ide.mcu.externaltools.gnu-tools-for-stm32.11.3.rel1.win32_1.1.1.202309131626/tools/bin/../lib/gcc/arm-none-eabi/11.3.1/../../../../arm-none-eabi/lib/thumb/v7-m/nofp\libc_nano.a
LOAD C:/ST/STM32CubeIDE_1.11.2/STM32CubeIDE/plugins/com.st.stm32cube.ide.mcu.externaltools.gnu-tools-for-stm32.11.3.rel1.win32_1.1.1.202309131626/tools/bin/../lib/gcc/arm-none-eabi/11.3.1/../../../../arm-none-eabi/lib/thumb/v7-m/nofp\libm.a
END GROUP
START GROUP
LOAD C:/ST/STM32CubeIDE_1.11.2/STM32CubeIDE/plugins/com.st.stm32cube.ide.mcu.externaltools.gnu-tools-for-stm32.11.3.rel1.win32_1.1.1.202309131626/tools/bin/../lib/gcc/arm-none-eabi/11.3.1/thumb/v7-m/nofp\libgcc.a
LOAD C:/ST/STM32CubeIDE_1.11.2/STM32CubeIDE/plugins/com.st.stm32cube.ide.mcu.externaltools.gnu-tools-for-stm32.11.3.rel1.win32_1.1.1.202309131626/tools/bin/../lib/gcc/arm-none-eabi/11.3.1/../../../../arm-none-eabi/lib/thumb/v7-m/nofp\libg_nano.a
LOAD C:/ST/STM32CubeIDE_1.11.2/STM32CubeIDE/plugins/com.st.stm32cube.ide.mcu.externaltools.gnu-tools-for-stm32.11.3.rel1.win32_1.1.1.202309131626/tools/bin/../lib/gcc/arm-none-eabi/11.3.1/../../../../arm-none-eabi/lib/thumb/v7-m/nofp\libc_nano.a
END GROUP
START GROUP
LOAD C:/ST/STM32CubeIDE_1.11.2/STM32CubeIDE/plugins/com.st.stm32cube.ide.mcu.externaltools.gnu-tools-for-stm32.11.3.rel1.win32_1.1.1.202309131626/tools/bin/../lib/gcc/arm-none-eabi/11.3.1/thumb/v7-m/nofp\libgcc.a
LOAD C:/ST/STM32CubeIDE_1.11.2/STM32CubeIDE/plugins/com.st.stm32cube.ide.mcu.externaltools.gnu-tools-for-stm32.11.3.rel1.win32_1.1.1.202309131626/tools/bin/../lib/gcc/arm-none-eabi/11.3.1/../../../../arm-none-eabi/lib/thumb/v7-m/nofp\libc_nano.a
LOAD C:/ST/STM32CubeIDE_1.11.2/STM32CubeIDE/plugins/com.st.stm32cube.ide.mcu.externaltools.gnu-tools-for-stm32.11.3.rel1.win32_1.1.1.202309131626/tools/bin/../lib/gcc/arm-none-eabi/11.3.1/../../../../arm-none-eabi/lib/thumb/v7-m/nofp\libnosys.a
END GROUP
START GROUP
LOAD C:/ST/STM32CubeIDE_1.11.2/STM32CubeIDE/plugins/com.st.stm32cube.ide.mcu.externaltools.gnu-tools-for-stm32.11.3.rel1.win32_1.1.1.202309131626/tools/bin/../lib/gcc/arm-none-eabi/11.3.1/thumb/v7-m/nofp\libgcc.a
LOAD C:/ST/STM32CubeIDE_1.11.2/STM32CubeIDE/plugins/com.st.stm32cube.ide.mcu.externaltools.gnu-tools-for-stm32.11.3.rel1.win32_1.1.1.202309131626/tools/bin/../lib/gcc/arm-none-eabi/11.3.1/../../../../arm-none-eabi/lib/thumb/v7-m/nofp\libc_nano.a
LOAD C:/ST/STM32CubeIDE_1.11.2/STM32CubeIDE/plugins/com.st.stm32cube.ide.mcu.externaltools.gnu-tools-for-stm32.11.3.rel1.win32_1.1.1.202309131626/tools/bin/../lib/gcc/arm-none-eabi/11.3.1/../../../../arm-none-eabi/lib/thumb/v7-m/nofp\libnosys.a
END GROUP
LOAD C:/ST/STM32CubeIDE_1.11.2/STM32CubeIDE/plugins/com.st.stm32cube.ide.mcu.externaltools.gnu-tools-for-stm32.11.3.rel1.win32_1.1.1.202309131626/tools/bin/../lib/gcc/arm-none-eabi/11.3.1/thumb/v7-m/nofp/crtend.o
LOAD C:/ST/STM32CubeIDE_1.11.2/STM32CubeIDE/plugins/com.st.stm32cube.ide.mcu.externaltools.gnu-tools-for-stm32.11.3.rel1.win32_1.1.1.202309131626/tools/bin/../lib/gcc/arm-none-eabi/11.3.1/thumb/v7-m/nofp/crtn.o
                0x0000000020002800                _estack = (ORIGIN (RAM) + LENGTH (RAM))
                0x0000000000000200                _Min_Heap_Size = 0x200
                0x0000000000000400                _Min_Stack_Size = 0x400

.isr_vector     0x0000000008000000      0x130
                0x0000000008000000                . = ALIGN (0x4)
 *(.isr_vector)
 .isr_vector    0x0000000008000000      0x130 ./Startup/startup_stm32f103c6tx.o
                0x0000000008000000                g_pfnVectors
                0x0000000008000130                . = ALIGN (0x4)

.text           0x0000000008000130      0xa7c
                0x0000000008000130                . = ALIGN (0x4)
 *(.text)
 .text          0x0000000008000130       0x40 C:/ST/STM32CubeIDE_1.11.2/STM32CubeIDE/plugins/com.st.stm32cube.ide.mcu.externaltools.gnu-tools-for-stm32.11.3.rel1.win32_1.1.1.202309131626/tools/bin/../lib/gcc/arm-none-eabi/11.3.1/thumb/v7-m/nofp/crtbegin.o
 *(.text*)
 .text.NVIC_ENABLE
                0x0000000008000170       0xcc ./Src/MCAL/EXTI Driver/EXTI_program.o
 .text.NVIC_DISABLE
                0x000000000800023c       0xcc ./Src/MCAL/EXTI Driver/EXTI_program.o
 .text.Update_EXTI
                0x0000000008000308      0x1d0 ./Src/MCAL/EXTI Driver/EXTI_program.o
 .text.MCAL_EXTI_GPIO_Init
                0x00000000080004d8       0x16 ./Src/MCAL/EXTI Driver/EXTI_program.o
                0x00000000080004d8                MCAL_EXTI_GPIO_Init
 *fill*         0x00000000080004ee        0x2 
 .text.EXTI0_IRQHandler
                0x00000000080004f0       0x2c ./Src/MCAL/EXTI Driver/EXTI_program.o
                0x00000000080004f0                EXTI0_IRQHandler
 .text.EXTI1_IRQHandler
                0x000000000800051c       0x2c ./Src/MCAL/EXTI Driver/EXTI_program.o
                0x000000000800051c                EXTI1_IRQHandler
 .text.EXTI2_IRQHandler
                0x0000000008000548       0x2c ./Src/MCAL/EXTI Driver/EXTI_program.o
                0x0000000008000548                EXTI2_IRQHandler
 .text.EXTI3_IRQHandler
                0x0000000008000574       0x2c ./Src/MCAL/EXTI Driver/EXTI_program.o
                0x0000000008000574                EXTI3_IRQHandler
 .text.EXTI4_IRQHandler
                0x00000000080005a0       0x2c ./Src/MCAL/EXTI Driver/EXTI_program.o
                0x00000000080005a0                EXTI4_IRQHandler
 .text.EXTI9_5_IRQHandler
                0x00000000080005cc       0xd0 ./Src/MCAL/EXTI Driver/EXTI_program.o
                0x00000000080005cc                EXTI9_5_IRQHandler
 .text.EXTI15_10_IRQHandler
                0x000000000800069c       0xf4 ./Src/MCAL/EXTI Driver/EXTI_program.o
                0x000000000800069c                EXTI15_10_IRQHandler
 .text.GetConfigBit
                0x0000000008000790       0xa4 ./Src/MCAL/GPIO Driver/GPIO_program.o
 .text.MCAL_GPIO_SetPinMode
                0x0000000008000834       0x7a ./Src/MCAL/GPIO Driver/GPIO_program.o
                0x0000000008000834                MCAL_GPIO_SetPinMode
 *fill*         0x00000000080008ae        0x2 
 .text.USART1_IRQHandler
                0x00000000080008b0       0x14 ./Src/MCAL/USART Driver/USART_program.o
                0x00000000080008b0                USART1_IRQHandler
 .text.USART2_IRQHandler
                0x00000000080008c4       0x14 ./Src/MCAL/USART Driver/USART_program.o
                0x00000000080008c4                USART2_IRQHandler
 .text.USART3_IRQHandler
                0x00000000080008d8       0x14 ./Src/MCAL/USART Driver/USART_program.o
                0x00000000080008d8                USART3_IRQHandler
 .text.SVC_Handler
                0x00000000080008ec       0x1c ./Src/main.o
                0x00000000080008ec                SVC_Handler
 .text.TaskA_Handler
                0x0000000008000908       0x1a ./Src/main.o
                0x0000000008000908                TaskA_Handler
 .text.TaskB_Handler
                0x0000000008000922       0x20 ./Src/main.o
                0x0000000008000922                TaskB_Handler
 *fill*         0x0000000008000942        0x2 
 .text.MainOs   0x0000000008000944      0x100 ./Src/main.o
                0x0000000008000944                MainOs
 .text.clock_init
                0x0000000008000a44       0x34 ./Src/main.o
                0x0000000008000a44                clock_init
 .text.EXTIB9_CallBack
                0x0000000008000a78       0x44 ./Src/main.o
                0x0000000008000a78                EXTIB9_CallBack
 .text.main     0x0000000008000abc       0x3c ./Src/main.o
                0x0000000008000abc                main
 .text.Reset_Handler
                0x0000000008000af8       0x50 ./Startup/startup_stm32f103c6tx.o
                0x0000000008000af8                Reset_Handler
 .text.Default_Handler
                0x0000000008000b48        0x2 ./Startup/startup_stm32f103c6tx.o
                0x0000000008000b48                TIM8_TRG_COM_IRQHandler
                0x0000000008000b48                TIM8_CC_IRQHandler
                0x0000000008000b48                DebugMon_Handler
                0x0000000008000b48                TIM1_CC_IRQHandler
                0x0000000008000b48                HardFault_Handler
                0x0000000008000b48                TIM6_IRQHandler
                0x0000000008000b48                SysTick_Handler
                0x0000000008000b48                PVD_IRQHandler
                0x0000000008000b48                SDIO_IRQHandler
                0x0000000008000b48                PendSV_Handler
                0x0000000008000b48                NMI_Handler
                0x0000000008000b48                USB_HP_CAN_TX_IRQHandler
                0x0000000008000b48                I2C2_EV_IRQHandler
                0x0000000008000b48                UsageFault_Handler
                0x0000000008000b48                ADC1_2_IRQHandler
                0x0000000008000b48                SPI1_IRQHandler
                0x0000000008000b48                CAN_SCE_IRQHandler
                0x0000000008000b48                TAMPER_IRQHandler
                0x0000000008000b48                TIM8_UP_IRQHandler
                0x0000000008000b48                DMA2_Channel2_IRQHandler
                0x0000000008000b48                DMA1_Channel4_IRQHandler
                0x0000000008000b48                RTC_IRQHandler
                0x0000000008000b48                DMA1_Channel7_IRQHandler
                0x0000000008000b48                UART5_IRQHandler
                0x0000000008000b48                ADC3_IRQHandler
                0x0000000008000b48                TIM4_IRQHandler
                0x0000000008000b48                CAN_RX1_IRQHandler
                0x0000000008000b48                DMA2_Channel1_IRQHandler
                0x0000000008000b48                I2C1_EV_IRQHandler
                0x0000000008000b48                DMA1_Channel6_IRQHandler
                0x0000000008000b48                UART4_IRQHandler
                0x0000000008000b48                TIM3_IRQHandler
                0x0000000008000b48                RCC_IRQHandler
                0x0000000008000b48                TIM1_TRG_COM_IRQHandler
                0x0000000008000b48                DMA1_Channel1_IRQHandler
                0x0000000008000b48                Default_Handler
                0x0000000008000b48                TIM7_IRQHandler
                0x0000000008000b48                TIM5_IRQHandler
                0x0000000008000b48                SPI2_IRQHandler
                0x0000000008000b48                USB_LP_CAN_RX0_IRQHandler
                0x0000000008000b48                MemManage_Handler
                0x0000000008000b48                DMA1_Channel5_IRQHandler
                0x0000000008000b48                DMA1_Channel3_IRQHandler
                0x0000000008000b48                FSMC_IRQHandler
                0x0000000008000b48                TIM1_UP_IRQHandler
                0x0000000008000b48                WWDG_IRQHandler
                0x0000000008000b48                TIM2_IRQHandler
                0x0000000008000b48                TIM1_BRK_IRQHandler
                0x0000000008000b48                RTCAlarm_IRQHandler
                0x0000000008000b48                DMA2_Channel4_5_IRQHandler
                0x0000000008000b48                I2C2_ER_IRQHandler
                0x0000000008000b48                DMA1_Channel2_IRQHandler
                0x0000000008000b48                TIM8_BRK_IRQHandler
                0x0000000008000b48                FLASH_IRQHandler
                0x0000000008000b48                BusFault_Handler
                0x0000000008000b48                SPI3_IRQHandler
                0x0000000008000b48                I2C1_ER_IRQHandler
                0x0000000008000b48                DMA2_Channel3_IRQHandler
 *fill*         0x0000000008000b4a        0x2 
 .text.__libc_init_array
                0x0000000008000b4c       0x48 C:/ST/STM32CubeIDE_1.11.2/STM32CubeIDE/plugins/com.st.stm32cube.ide.mcu.externaltools.gnu-tools-for-stm32.11.3.rel1.win32_1.1.1.202309131626/tools/bin/../lib/gcc/arm-none-eabi/11.3.1/../../../../arm-none-eabi/lib/thumb/v7-m/nofp\libc_nano.a(libc_a-init.o)
                0x0000000008000b4c                __libc_init_array
 *(.glue_7)
 .glue_7        0x0000000008000b94        0x0 linker stubs
 *(.glue_7t)
 .glue_7t       0x0000000008000b94        0x0 linker stubs
 *(.eh_frame)
 .eh_frame      0x0000000008000b94        0x0 C:/ST/STM32CubeIDE_1.11.2/STM32CubeIDE/plugins/com.st.stm32cube.ide.mcu.externaltools.gnu-tools-for-stm32.11.3.rel1.win32_1.1.1.202309131626/tools/bin/../lib/gcc/arm-none-eabi/11.3.1/thumb/v7-m/nofp/crtbegin.o
 *(.init)
 .init          0x0000000008000b94        0x4 C:/ST/STM32CubeIDE_1.11.2/STM32CubeIDE/plugins/com.st.stm32cube.ide.mcu.externaltools.gnu-tools-for-stm32.11.3.rel1.win32_1.1.1.202309131626/tools/bin/../lib/gcc/arm-none-eabi/11.3.1/thumb/v7-m/nofp/crti.o
                0x0000000008000b94                _init
 .init          0x0000000008000b98        0x8 C:/ST/STM32CubeIDE_1.11.2/STM32CubeIDE/plugins/com.st.stm32cube.ide.mcu.externaltools.gnu-tools-for-stm32.11.3.rel1.win32_1.1.1.202309131626/tools/bin/../lib/gcc/arm-none-eabi/11.3.1/thumb/v7-m/nofp/crtn.o
 *(.fini)
 .fini          0x0000000008000ba0        0x4 C:/ST/STM32CubeIDE_1.11.2/STM32CubeIDE/plugins/com.st.stm32cube.ide.mcu.externaltools.gnu-tools-for-stm32.11.3.rel1.win32_1.1.1.202309131626/tools/bin/../lib/gcc/arm-none-eabi/11.3.1/thumb/v7-m/nofp/crti.o
                0x0000000008000ba0                _fini
 .fini          0x0000000008000ba4        0x8 C:/ST/STM32CubeIDE_1.11.2/STM32CubeIDE/plugins/com.st.stm32cube.ide.mcu.externaltools.gnu-tools-for-stm32.11.3.rel1.win32_1.1.1.202309131626/tools/bin/../lib/gcc/arm-none-eabi/11.3.1/thumb/v7-m/nofp/crtn.o
                0x0000000008000bac                . = ALIGN (0x4)
                0x0000000008000bac                _etext = .

.vfp11_veneer   0x0000000008000bac        0x0
 .vfp11_veneer  0x0000000008000bac        0x0 linker stubs

.v4_bx          0x0000000008000bac        0x0
 .v4_bx         0x0000000008000bac        0x0 linker stubs

.iplt           0x0000000008000bac        0x0
 .iplt          0x0000000008000bac        0x0 C:/ST/STM32CubeIDE_1.11.2/STM32CubeIDE/plugins/com.st.stm32cube.ide.mcu.externaltools.gnu-tools-for-stm32.11.3.rel1.win32_1.1.1.202309131626/tools/bin/../lib/gcc/arm-none-eabi/11.3.1/thumb/v7-m/nofp/crtbegin.o

.rodata         0x0000000008000bac        0xc
                0x0000000008000bac                . = ALIGN (0x4)
 *(.rodata)
 .rodata        0x0000000008000bac        0xc ./Src/main.o
 *(.rodata*)
                0x0000000008000bb8                . = ALIGN (0x4)

.rel.dyn        0x0000000008000bb8        0x0
 .rel.iplt      0x0000000008000bb8        0x0 C:/ST/STM32CubeIDE_1.11.2/STM32CubeIDE/plugins/com.st.stm32cube.ide.mcu.externaltools.gnu-tools-for-stm32.11.3.rel1.win32_1.1.1.202309131626/tools/bin/../lib/gcc/arm-none-eabi/11.3.1/thumb/v7-m/nofp/crtbegin.o

.ARM.extab      0x0000000008000bb8        0x0
                0x0000000008000bb8                . = ALIGN (0x4)
 *(.ARM.extab* .gnu.linkonce.armextab.*)
                0x0000000008000bb8                . = ALIGN (0x4)

.ARM            0x0000000008000bb8        0x0
                0x0000000008000bb8                . = ALIGN (0x4)
                0x0000000008000bb8                __exidx_start = .
 *(.ARM.exidx*)
                0x0000000008000bb8                __exidx_end = .
                0x0000000008000bb8                . = ALIGN (0x4)

.preinit_array  0x0000000008000bb8        0x0
                0x0000000008000bb8                . = ALIGN (0x4)
                0x0000000008000bb8                PROVIDE (__preinit_array_start = .)
 *(.preinit_array*)
                0x0000000008000bb8                PROVIDE (__preinit_array_end = .)
                0x0000000008000bb8                . = ALIGN (0x4)

.init_array     0x0000000008000bb8        0x4
                0x0000000008000bb8                . = ALIGN (0x4)
                0x0000000008000bb8                PROVIDE (__init_array_start = .)
 *(SORT_BY_NAME(.init_array.*))
 *(.init_array*)
 .init_array    0x0000000008000bb8        0x4 C:/ST/STM32CubeIDE_1.11.2/STM32CubeIDE/plugins/com.st.stm32cube.ide.mcu.externaltools.gnu-tools-for-stm32.11.3.rel1.win32_1.1.1.202309131626/tools/bin/../lib/gcc/arm-none-eabi/11.3.1/thumb/v7-m/nofp/crtbegin.o
                0x0000000008000bbc                PROVIDE (__init_array_end = .)
                0x0000000008000bbc                . = ALIGN (0x4)

.fini_array     0x0000000008000bbc        0x4
                0x0000000008000bbc                . = ALIGN (0x4)
                [!provide]                        PROVIDE (__fini_array_start = .)
 *(SORT_BY_NAME(.fini_array.*))
 *(.fini_array*)
 .fini_array    0x0000000008000bbc        0x4 C:/ST/STM32CubeIDE_1.11.2/STM32CubeIDE/plugins/com.st.stm32cube.ide.mcu.externaltools.gnu-tools-for-stm32.11.3.rel1.win32_1.1.1.202309131626/tools/bin/../lib/gcc/arm-none-eabi/11.3.1/thumb/v7-m/nofp/crtbegin.o
                [!provide]                        PROVIDE (__fini_array_end = .)
                0x0000000008000bc0                . = ALIGN (0x4)
                0x0000000008000bc0                _sidata = LOADADDR (.data)

.data           0x0000000020000000        0x4 load address 0x0000000008000bc0
                0x0000000020000000                . = ALIGN (0x4)
                0x0000000020000000                _sdata = .
 *(.data)
 *(.data*)
 .data._S_MSP   0x0000000020000000        0x4 ./Src/main.o
                0x0000000020000000                _S_MSP
 *(.RamFunc)
 *(.RamFunc*)
                0x0000000020000004                . = ALIGN (0x4)
                0x0000000020000004                _edata = .

.igot.plt       0x0000000020000004        0x0 load address 0x0000000008000bc4
 .igot.plt      0x0000000020000004        0x0 C:/ST/STM32CubeIDE_1.11.2/STM32CubeIDE/plugins/com.st.stm32cube.ide.mcu.externaltools.gnu-tools-for-stm32.11.3.rel1.win32_1.1.1.202309131626/tools/bin/../lib/gcc/arm-none-eabi/11.3.1/thumb/v7-m/nofp/crtbegin.o
                0x0000000020000004                . = ALIGN (0x4)

.bss            0x0000000020000004       0x80 load address 0x0000000008000bc4
                0x0000000020000004                _sbss = .
                0x0000000020000004                __bss_start__ = _sbss
 *(.bss)
 .bss           0x0000000020000004       0x1c C:/ST/STM32CubeIDE_1.11.2/STM32CubeIDE/plugins/com.st.stm32cube.ide.mcu.externaltools.gnu-tools-for-stm32.11.3.rel1.win32_1.1.1.202309131626/tools/bin/../lib/gcc/arm-none-eabi/11.3.1/thumb/v7-m/nofp/crtbegin.o
 *(.bss*)
 .bss.GP_IRQ_CallBackFunc
                0x0000000020000020       0x40 ./Src/MCAL/EXTI Driver/EXTI_program.o
                0x0000000020000020                GP_IRQ_CallBackFunc
 .bss.Global_USART_Configuration
                0x0000000020000060        0xc ./Src/MCAL/USART Driver/USART_program.o
                0x0000000020000060                Global_USART_Configuration
 .bss._E_MSP    0x000000002000006c        0x4 ./Src/main.o
                0x000000002000006c                _E_MSP
 .bss._S_PSP_TA
                0x0000000020000070        0x4 ./Src/main.o
                0x0000000020000070                _S_PSP_TA
 .bss._E_PSP_TA
                0x0000000020000074        0x4 ./Src/main.o
                0x0000000020000074                _E_PSP_TA
 .bss._S_PSP_TB
                0x0000000020000078        0x4 ./Src/main.o
                0x0000000020000078                _S_PSP_TB
 .bss._E_PSP_TB
                0x000000002000007c        0x4 ./Src/main.o
                0x000000002000007c                _E_PSP_TB
 .bss.TaskA_Flag
                0x0000000020000080        0x1 ./Src/main.o
                0x0000000020000080                TaskA_Flag
 .bss.TaskB_Flag
                0x0000000020000081        0x1 ./Src/main.o
                0x0000000020000081                TaskB_Flag
 .bss.IRQ_Flag  0x0000000020000082        0x1 ./Src/main.o
                0x0000000020000082                IRQ_Flag
 *(COMMON)
                0x0000000020000084                . = ALIGN (0x4)
 *fill*         0x0000000020000083        0x1 
                0x0000000020000084                _ebss = .
                0x0000000020000084                __bss_end__ = _ebss

._user_heap_stack
                0x0000000020000084      0x604 load address 0x0000000008000bc4
                0x0000000020000088                . = ALIGN (0x8)
 *fill*         0x0000000020000084        0x4 
                [!provide]                        PROVIDE (end = .)
                0x0000000020000088                PROVIDE (_end = .)
                0x0000000020000288                . = (. + _Min_Heap_Size)
 *fill*         0x0000000020000088      0x200 
                0x0000000020000688                . = (. + _Min_Stack_Size)
 *fill*         0x0000000020000288      0x400 
                0x0000000020000688                . = ALIGN (0x8)

/DISCARD/
 libc.a(*)
 libm.a(*)
 libgcc.a(*)

.ARM.attributes
                0x0000000000000000       0x29
 *(.ARM.attributes)
 .ARM.attributes
                0x0000000000000000       0x1d C:/ST/STM32CubeIDE_1.11.2/STM32CubeIDE/plugins/com.st.stm32cube.ide.mcu.externaltools.gnu-tools-for-stm32.11.3.rel1.win32_1.1.1.202309131626/tools/bin/../lib/gcc/arm-none-eabi/11.3.1/thumb/v7-m/nofp/crti.o
 .ARM.attributes
                0x000000000000001d       0x2d C:/ST/STM32CubeIDE_1.11.2/STM32CubeIDE/plugins/com.st.stm32cube.ide.mcu.externaltools.gnu-tools-for-stm32.11.3.rel1.win32_1.1.1.202309131626/tools/bin/../lib/gcc/arm-none-eabi/11.3.1/thumb/v7-m/nofp/crtbegin.o
 .ARM.attributes
                0x000000000000004a       0x2d ./Src/MCAL/EXTI Driver/EXTI_program.o
 .ARM.attributes
                0x0000000000000077       0x2d ./Src/MCAL/GPIO Driver/GPIO_program.o
 .ARM.attributes
                0x00000000000000a4       0x2d ./Src/MCAL/USART Driver/USART_program.o
 .ARM.attributes
                0x00000000000000d1       0x2d ./Src/main.o
 .ARM.attributes
                0x00000000000000fe       0x21 ./Startup/startup_stm32f103c6tx.o
 .ARM.attributes
                0x000000000000011f       0x2d C:/ST/STM32CubeIDE_1.11.2/STM32CubeIDE/plugins/com.st.stm32cube.ide.mcu.externaltools.gnu-tools-for-stm32.11.3.rel1.win32_1.1.1.202309131626/tools/bin/../lib/gcc/arm-none-eabi/11.3.1/../../../../arm-none-eabi/lib/thumb/v7-m/nofp\libc_nano.a(libc_a-init.o)
 .ARM.attributes
                0x000000000000014c       0x1d C:/ST/STM32CubeIDE_1.11.2/STM32CubeIDE/plugins/com.st.stm32cube.ide.mcu.externaltools.gnu-tools-for-stm32.11.3.rel1.win32_1.1.1.202309131626/tools/bin/../lib/gcc/arm-none-eabi/11.3.1/thumb/v7-m/nofp/crtn.o
OUTPUT(Drivers.axf elf32-littlearm)
LOAD linker stubs
LOAD C:/ST/STM32CubeIDE_1.11.2/STM32CubeIDE/plugins/com.st.stm32cube.ide.mcu.externaltools.gnu-tools-for-stm32.11.3.rel1.win32_1.1.1.202309131626/tools/bin/../lib/gcc/arm-none-eabi/11.3.1/../../../../arm-none-eabi/lib/thumb/v7-m/nofp\libc.a
LOAD C:/ST/STM32CubeIDE_1.11.2/STM32CubeIDE/plugins/com.st.stm32cube.ide.mcu.externaltools.gnu-tools-for-stm32.11.3.rel1.win32_1.1.1.202309131626/tools/bin/../lib/gcc/arm-none-eabi/11.3.1/../../../../arm-none-eabi/lib/thumb/v7-m/nofp\libm.a
LOAD C:/ST/STM32CubeIDE_1.11.2/STM32CubeIDE/plugins/com.st.stm32cube.ide.mcu.externaltools.gnu-tools-for-stm32.11.3.rel1.win32_1.1.1.202309131626/tools/bin/../lib/gcc/arm-none-eabi/11.3.1/thumb/v7-m/nofp\libgcc.a

.comment        0x0000000000000000       0x43
 .comment       0x0000000000000000       0x43 C:/ST/STM32CubeIDE_1.11.2/STM32CubeIDE/plugins/com.st.stm32cube.ide.mcu.externaltools.gnu-tools-for-stm32.11.3.rel1.win32_1.1.1.202309131626/tools/bin/../lib/gcc/arm-none-eabi/11.3.1/thumb/v7-m/nofp/crtbegin.o
                                         0x44 (size before relaxing)
 .comment       0x0000000000000043       0x44 ./Src/MCAL/EXTI Driver/EXTI_program.o
 .comment       0x0000000000000043       0x44 ./Src/MCAL/GPIO Driver/GPIO_program.o
 .comment       0x0000000000000043       0x44 ./Src/MCAL/USART Driver/USART_program.o
 .comment       0x0000000000000043       0x44 ./Src/main.o

.debug_info     0x0000000000000000     0x1259
 .debug_info    0x0000000000000000      0x48f ./Src/MCAL/EXTI Driver/EXTI_program.o
 .debug_info    0x000000000000048f      0x3b7 ./Src/MCAL/GPIO Driver/GPIO_program.o
 .debug_info    0x0000000000000846      0x53f ./Src/MCAL/USART Driver/USART_program.o
 .debug_info    0x0000000000000d85      0x4b2 ./Src/main.o
 .debug_info    0x0000000000001237       0x22 ./Startup/startup_stm32f103c6tx.o

.debug_abbrev   0x0000000000000000      0x616
 .debug_abbrev  0x0000000000000000      0x19f ./Src/MCAL/EXTI Driver/EXTI_program.o
 .debug_abbrev  0x000000000000019f      0x111 ./Src/MCAL/GPIO Driver/GPIO_program.o
 .debug_abbrev  0x00000000000002b0      0x199 ./Src/MCAL/USART Driver/USART_program.o
 .debug_abbrev  0x0000000000000449      0x1bb ./Src/main.o
 .debug_abbrev  0x0000000000000604       0x12 ./Startup/startup_stm32f103c6tx.o

.debug_loc      0x0000000000000000      0xb6c
 .debug_loc     0x0000000000000000      0x320 ./Src/MCAL/EXTI Driver/EXTI_program.o
 .debug_loc     0x0000000000000320      0x38c ./Src/MCAL/GPIO Driver/GPIO_program.o
 .debug_loc     0x00000000000006ac      0x27c ./Src/MCAL/USART Driver/USART_program.o
 .debug_loc     0x0000000000000928      0x244 ./Src/main.o

.debug_aranges  0x0000000000000000      0x1c8
 .debug_aranges
                0x0000000000000000       0x80 ./Src/MCAL/EXTI Driver/EXTI_program.o
 .debug_aranges
                0x0000000000000080       0x68 ./Src/MCAL/GPIO Driver/GPIO_program.o
 .debug_aranges
                0x00000000000000e8       0x60 ./Src/MCAL/USART Driver/USART_program.o
 .debug_aranges
                0x0000000000000148       0x58 ./Src/main.o
 .debug_aranges
                0x00000000000001a0       0x28 ./Startup/startup_stm32f103c6tx.o

.debug_ranges   0x0000000000000000      0x180
 .debug_ranges  0x0000000000000000       0x70 ./Src/MCAL/EXTI Driver/EXTI_program.o
 .debug_ranges  0x0000000000000070       0x58 ./Src/MCAL/GPIO Driver/GPIO_program.o
 .debug_ranges  0x00000000000000c8       0x50 ./Src/MCAL/USART Driver/USART_program.o
 .debug_ranges  0x0000000000000118       0x48 ./Src/main.o
 .debug_ranges  0x0000000000000160       0x20 ./Startup/startup_stm32f103c6tx.o

.debug_macro    0x0000000000000000      0x3d1
 .debug_macro   0x0000000000000000       0x58 ./Src/MCAL/EXTI Driver/EXTI_program.o
 .debug_macro   0x0000000000000058       0x44 ./Src/MCAL/GPIO Driver/GPIO_program.o
 .debug_macro   0x000000000000009c       0x7b ./Src/MCAL/USART Driver/USART_program.o
 .debug_macro   0x0000000000000117       0xb8 ./Src/MCAL/USART Driver/USART_program.o
 .debug_macro   0x00000000000001cf      0x202 ./Src/main.o

.debug_line     0x0000000000000000     0x168f
 .debug_line    0x0000000000000000      0x4de ./Src/MCAL/EXTI Driver/EXTI_program.o
 .debug_line    0x00000000000004de      0x250 ./Src/MCAL/GPIO Driver/GPIO_program.o
 .debug_line    0x000000000000072e      0x443 ./Src/MCAL/USART Driver/USART_program.o
 .debug_line    0x0000000000000b71      0xa9a ./Src/main.o
 .debug_line    0x000000000000160b       0x84 ./Startup/startup_stm32f103c6tx.o

.debug_str      0x0000000000000000     0xa8c7
 .debug_str     0x0000000000000000     0x5ae2 ./Src/MCAL/EXTI Driver/EXTI_program.o
                                       0x5b4e (size before relaxing)
 .debug_str     0x0000000000005ae2      0x128 ./Src/MCAL/GPIO Driver/GPIO_program.o
                                       0x5a1a (size before relaxing)
 .debug_str     0x0000000000005c0a      0x6a6 ./Src/MCAL/USART Driver/USART_program.o
                                       0x5fa6 (size before relaxing)
 .debug_str     0x00000000000062b0     0x45e8 ./Src/main.o
                                       0xa4ca (size before relaxing)
 .debug_str     0x000000000000a898       0x2f ./Startup/startup_stm32f103c6tx.o
                                         0x5f (size before relaxing)

.debug_frame    0x0000000000000000      0x5e4
 .debug_frame   0x0000000000000000      0x1b0 ./Src/MCAL/EXTI Driver/EXTI_program.o
 .debug_frame   0x00000000000001b0      0x1a0 ./Src/MCAL/GPIO Driver/GPIO_program.o
 .debug_frame   0x0000000000000350      0x144 ./Src/MCAL/USART Driver/USART_program.o
 .debug_frame   0x0000000000000494      0x124 ./Src/main.o
 .debug_frame   0x00000000000005b8       0x2c C:/ST/STM32CubeIDE_1.11.2/STM32CubeIDE/plugins/com.st.stm32cube.ide.mcu.externaltools.gnu-tools-for-stm32.11.3.rel1.win32_1.1.1.202309131626/tools/bin/../lib/gcc/arm-none-eabi/11.3.1/../../../../arm-none-eabi/lib/thumb/v7-m/nofp\libc_nano.a(libc_a-init.o)
