../Core/Src/main.c:71:6:CAN_TransmitFrame	56	static
../Core/Src/main.c:104:6:CAN_InitReceiveFilter	56	static
../Core/Src/main.c:126:6:CAN_ReceiveFrame	56	static
../Core/Src/main.c:153:6:HAL_CAN_TxMailbox0CompleteCallback	16	static
../Core/Src/main.c:159:6:HAL_CAN_RxFifo0MsgPendingCallback	16	static
../Core/Src/main.c:168:6:HAL_CAN_ErrorCallback	16	static
../Core/Src/main.c:181:5:main	8	static
../Core/Src/main.c:244:6:SystemClock_Config	72	static
../Core/Src/main.c:281:13:MX_CAN_Init	8	static
../Core/Src/main.c:318:13:MX_GPIO_Init	16	static
../Core/Src/main.c:338:6:Error_Handler	4	static,ignoring_inline_asm
