
Allocating common symbols
Common symbol       size              file

x                   0x4               main.o

Memory Configuration

Name             Origin             Length             Attributes
FLASH            0x00000000         0x20000000         xr
SRAM             0x20000000         0x20000000         xrw
*default*        0x00000000         0xffffffff

Linker script and memory map


.text           0x00000000      0x17c
 *(.vectors*)
 .vectors       0x00000000       0x1c startup.o
                0x00000000                g_p_fn_VectorTable
 *(.text*)
 .text          0x0000001c       0xcc startup.o
                0x0000001c                MM_Handler
                0x0000001c                Bus_Fault_Handler
                0x0000001c                Usage_Fault_Handler
                0x0000001c                Default_Handler
                0x0000001c                Hard_fault_Handler
                0x0000001c                NMI_Handler
                0x00000028                Reset_Handler
 .text          0x000000e8       0x94 main.o
                0x000000e8                main
 *(.rodata)
                0x0000017c                _E_text = .

.glue_7         0x0000017c        0x0
 .glue_7        0x00000000        0x0 linker stubs

.glue_7t        0x0000017c        0x0
 .glue_7t       0x00000000        0x0 linker stubs

.vfp11_veneer   0x0000017c        0x0
 .vfp11_veneer  0x00000000        0x0 linker stubs

.v4_bx          0x0000017c        0x0
 .v4_bx         0x00000000        0x0 linker stubs

.iplt           0x0000017c        0x0
 .iplt          0x00000000        0x0 startup.o

.rel.dyn        0x0000017c        0x0
 .rel.iplt      0x00000000        0x0 startup.o

.data           0x20000000        0x0 load address 0x0000017c
                0x20000000                _S_Data = .
 *(.data)
 .data          0x20000000        0x0 startup.o
 .data          0x20000000        0x0 main.o
                0x20000000                _E_Data = .
                0x20000000                . = ALIGN (0x4)

.igot.plt       0x20000000        0x0 load address 0x0000017c
 .igot.plt      0x00000000        0x0 startup.o

.bss            0x20000000      0x404 load address 0x0000017c
                0x20000000                _S_bss = .
 *(.bss)
 .bss           0x20000000      0x400 startup.o
 .bss           0x20000400        0x0 main.o
 *(COMMON)
 COMMON         0x20000400        0x4 main.o
                0x20000400                x
                0x20000404                _E_bss = .
LOAD startup.o
LOAD main.o
OUTPUT(LAB4_Unit3.elf elf32-littlearm)

.debug_info     0x00000000      0x1f0
 .debug_info    0x00000000      0x17a startup.o
 .debug_info    0x0000017a       0x76 main.o

.debug_abbrev   0x00000000      0x12b
 .debug_abbrev  0x00000000       0xbe startup.o
 .debug_abbrev  0x000000be       0x6d main.o

.debug_loc      0x00000000       0x9c
 .debug_loc     0x00000000       0x64 startup.o
 .debug_loc     0x00000064       0x38 main.o

.debug_aranges  0x00000000       0x40
 .debug_aranges
                0x00000000       0x20 startup.o
 .debug_aranges
                0x00000020       0x20 main.o

.debug_line     0x00000000       0xbf
 .debug_line    0x00000000       0x6a startup.o
 .debug_line    0x0000006a       0x55 main.o

.debug_str      0x00000000      0x155
 .debug_str     0x00000000      0x13d startup.o
                                0x171 (size before relaxing)
 .debug_str     0x0000013d       0x18 main.o
                                 0x83 (size before relaxing)

.comment        0x00000000       0x11
 .comment       0x00000000       0x11 startup.o
                                 0x12 (size before relaxing)
 .comment       0x00000000       0x12 main.o

.ARM.attributes
                0x00000000       0x33
 .ARM.attributes
                0x00000000       0x33 startup.o
 .ARM.attributes
                0x00000033       0x33 main.o

.debug_frame    0x00000000       0x78
 .debug_frame   0x00000000       0x4c startup.o
 .debug_frame   0x0000004c       0x2c main.o
