../Src/MCAL/EXTI Driver/EXTI_program.c:24:13:NVIC_ENABLE	16	static
../Src/MCAL/EXTI Driver/EXTI_program.c:52:13:NVIC_DISABLE	16	static
../Src/MCAL/EXTI Driver/EXTI_program.c:80:13:Update_EXTI	24	static
../Src/MCAL/EXTI Driver/EXTI_program.c:142:6:MCAL_EXTI_GPIO_Init	16	static
../Src/MCAL/EXTI Driver/EXTI_program.c:153:6:MCAL_EXTI_GPIO_DeInit	4	static
../Src/MCAL/EXTI Driver/EXTI_program.c:182:6:MCAL_EXTI_GPIO_Update	16	static
../Src/MCAL/EXTI Driver/EXTI_program.c:190:6:EXTI0_IRQHandler	8	static
../Src/MCAL/EXTI Driver/EXTI_program.c:207:6:EXTI1_IRQHandler	8	static
../Src/MCAL/EXTI Driver/EXTI_program.c:222:6:EXTI2_IRQHandler	8	static
../Src/MCAL/EXTI Driver/EXTI_program.c:237:6:EXTI3_IRQHandler	8	static
../Src/MCAL/EXTI Driver/EXTI_program.c:252:6:EXTI4_IRQHandler	8	static
../Src/MCAL/EXTI Driver/EXTI_program.c:267:6:EXTI9_5_IRQHandler	8	static
../Src/MCAL/EXTI Driver/EXTI_program.c:342:6:EXTI15_10_IRQHandler	8	static
