
Memory Configuration

Name             Origin             Length             Attributes
FLASH            0x0000000008000000 0x0000000000020000 xr
SRAM             0x0000000020000000 0x0000000000005000 xrw
*default*        0x0000000000000000 0xffffffffffffffff

Linker script and memory map


.text           0x0000000008000000      0x134
 *(.vectors*)
 .vectors       0x0000000008000000       0x1c startup.o
                0x0000000008000000                vectors
 *(.text*)
 .text          0x000000000800001c       0x98 startup.o
                0x000000000800001c                MM_Handler
                0x000000000800001c                Bus_Fault_Handler
                0x000000000800001c                Usage_Fault_Handler
                0x000000000800001c                Default_Handler
                0x000000000800001c                Hard_fault_Handler
                0x000000000800001c                NMI_Handler
                0x0000000008000028                Reset_Handler
 .text          0x00000000080000b4       0x80 main.o
                0x00000000080000b4                main
 *(.rodata)
                0x0000000008000134                _E_text = .

.glue_7         0x0000000008000134        0x0
 .glue_7        0x0000000008000134        0x0 linker stubs

.glue_7t        0x0000000008000134        0x0
 .glue_7t       0x0000000008000134        0x0 linker stubs

.vfp11_veneer   0x0000000008000134        0x0
 .vfp11_veneer  0x0000000008000134        0x0 linker stubs

.v4_bx          0x0000000008000134        0x0
 .v4_bx         0x0000000008000134        0x0 linker stubs

.iplt           0x0000000008000134        0x0
 .iplt          0x0000000008000134        0x0 startup.o

.rel.dyn        0x0000000008000134        0x0
 .rel.iplt      0x0000000008000134        0x0 startup.o

.data           0x0000000020000000        0x4 load address 0x0000000008000134
                0x0000000020000000                _S_Data = .
 *(.data)
 .data          0x0000000020000000        0x0 startup.o
 .data          0x0000000020000000        0x4 main.o
                0x0000000020000000                R_ODR
                0x0000000020000004                _E_Data = .
                0x0000000020000004                . = ALIGN (0x4)

.igot.plt       0x0000000020000004        0x0 load address 0x0000000008000138
 .igot.plt      0x0000000020000004        0x0 startup.o

.bss            0x0000000020000004     0x1000 load address 0x0000000008000138
                0x0000000020000004                _S_bss = .
 *(.bss)
 .bss           0x0000000020000004        0x0 startup.o
 .bss           0x0000000020000004        0x0 main.o
 *(COMMON)
                0x0000000020000004                _E_bss = .
                0x0000000020000004                . = ALIGN (0x4)
                0x0000000020001004                . = (. + 0x1000)
 *fill*         0x0000000020000004     0x1000 
                0x0000000020001004                _stack_top = .
LOAD startup.o
LOAD main.o
OUTPUT(LAB2_Part2.elf elf32-littlearm)
LOAD linker stubs

.debug_info     0x0000000000000000      0x2e9
 .debug_info    0x0000000000000000      0x1b1 startup.o
 .debug_info    0x00000000000001b1      0x138 main.o

.debug_abbrev   0x0000000000000000      0x1d7
 .debug_abbrev  0x0000000000000000       0xfb startup.o
 .debug_abbrev  0x00000000000000fb       0xdc main.o

.debug_loc      0x0000000000000000       0xb4
 .debug_loc     0x0000000000000000       0x7c startup.o
 .debug_loc     0x000000000000007c       0x38 main.o

.debug_aranges  0x0000000000000000       0x40
 .debug_aranges
                0x0000000000000000       0x20 startup.o
 .debug_aranges
                0x0000000000000020       0x20 main.o

.debug_line     0x0000000000000000      0x440
 .debug_line    0x0000000000000000      0x244 startup.o
 .debug_line    0x0000000000000244      0x1fc main.o

.debug_str      0x0000000000000000      0x1d1
 .debug_str     0x0000000000000000      0x19a startup.o
                                        0x1d7 (size before relaxing)
 .debug_str     0x000000000000019a       0x37 main.o
                                        0x18d (size before relaxing)

.comment        0x0000000000000000       0x50
 .comment       0x0000000000000000       0x50 startup.o
                                         0x51 (size before relaxing)
 .comment       0x0000000000000050       0x51 main.o

.ARM.attributes
                0x0000000000000000       0x2d
 .ARM.attributes
                0x0000000000000000       0x2d startup.o
 .ARM.attributes
                0x000000000000002d       0x2d main.o

.debug_frame    0x0000000000000000       0x7c
 .debug_frame   0x0000000000000000       0x50 startup.o
 .debug_frame   0x0000000000000050       0x2c main.o
